// Jest Snapshot v1, https://goo.gl/fbAQLP

exports[`CustomOptionList component Rendering test 1`] = `
<CustomOptionList
  config={
    Object {
      "options": Array [
        Object {
          "title": "Title",
          "value": "title",
        },
        Object {
          "title": "Genre",
          "value": "genres",
        },
      ],
      "selectedIndex": "0",
      "title": "Search by",
    }
  }
  updateFunc={[Function]}
>
  <div
    className="container"
  >
    <div
      className="title"
    >
      Search by
    </div>
    <div
      className="item"
      key="0"
      name="option0"
      onClick={[Function]}
      value="title"
    >
      Title
    </div>
    <div
      className="item"
      key="1"
      name="option1"
      onClick={[Function]}
      value="genres"
    >
      Genre
    </div>
  </div>
</CustomOptionList>
`;
