// Jest Snapshot v1, https://goo.gl/fbAQLP

exports[`App rendering test 1`] = `
<div
  className="font"
>
  <BrowserRouter>
    <ErrorBoundary>
      <Switch>
        Redirect
        <Route
          exact={true}
          path={
            Array [
              "/",
              "/search/:searchQuery",
            ]
          }
          render={[Function]}
        />
        <Redirect
          from="/search/"
          to="/"
        />
        <Route
          path="/film/:id"
          render={[Function]}
        />
        <Route
          component={[Function]}
          path="*"
        />
      </Switch>
    </ErrorBoundary>
  </BrowserRouter>
</div>
`;
