// Jest Snapshot v1, https://goo.gl/fbAQLP

exports[`My test Func 1`] = `
<div
  onClick={[Function]}
>
  <h1>
    My React App!
  </h1>
  <div
    onMouseEnter={[Function]}
    onMouseLeave={[Function]}
  >
    Mouse area
  </div>
</div>
`;

exports[`My test Func 2`] = `
<div
  onClick={[Function]}
>
  <h1>
    My React App!
  </h1>
  <div
    onMouseEnter={[Function]}
    onMouseLeave={[Function]}
  >
    Mouse area
  </div>
</div>
`;

exports[`My test Func 3`] = `
<div
  onClick={[Function]}
>
  <h1>
    My React App!
  </h1>
  <div
    onMouseEnter={[Function]}
    onMouseLeave={[Function]}
  >
    Mouse area
  </div>
</div>
`;
